// Jest Snapshot v1, https://goo.gl/fbAQLP

exports[`Skeleton renders as expected 1`] = `
<div>
  <div
    class="Placeholderstories__ExampleContainer-sc-1uhffgy-0 cpPmAH"
  >
    <span
      aria-busy="true"
      aria-live="polite"
    >
      <span
        class="react-loading-skeleton"
        style="width: 150px; --base-color: #94a3b8; --highlight-color: #cbd5e1;"
      >
        â€Œ
      </span>
      <br />
    </span>
  </div>
</div>
`;
